npm warn Unknown cli config "--watchAll". This will stop working in the next major version of npm.

> appname@0.1.0 test
> react-scripts test src/testcase

No tests found, exiting with code 0


[1B[J